Release 14.7 - xst P.20131013 (lin64)
Copyright (c) 1995-2013 Xilinx, Inc.  All rights reserved.
--> 
Parameter TMPDIR set to xst/projnav.tmp


Total REAL time to Xst completion: 0.00 secs
Total CPU time to Xst completion: 0.03 secs
 
--> 
Parameter xsthdpdir set to xst


Total REAL time to Xst completion: 0.00 secs
Total CPU time to Xst completion: 0.03 secs
 
--> 
Reading design: verilog.prj

TABLE OF CONTENTS
  1) Synthesis Options Summary
  2) HDL Parsing
  3) HDL Elaboration
  4) HDL Synthesis
       4.1) HDL Synthesis Report
  5) Advanced HDL Synthesis
       5.1) Advanced HDL Synthesis Report
  6) Low Level Synthesis
  7) Partition Report
  8) Design Summary
       8.1) Primitive and Black Box Usage
       8.2) Device utilization summary
       8.3) Partition Resource Summary
       8.4) Timing Report
            8.4.1) Clock Information
            8.4.2) Asynchronous Control Signals Information
            8.4.3) Timing Summary
            8.4.4) Timing Details
            8.4.5) Cross Clock Domains Report


=========================================================================
*                      Synthesis Options Summary                        *
=========================================================================
---- Source Parameters
Input File Name                    : "verilog.prj"
Ignore Synthesis Constraint File   : NO

---- Target Parameters
Output File Name                   : "verilog"
Output Format                      : NGC
Target Device                      : xc6slx9-3-tqg144

---- Source Options
Top Module Name                    : verilog
Automatic FSM Extraction           : YES
FSM Encoding Algorithm             : Auto
Safe Implementation                : No
FSM Style                          : LUT
RAM Extraction                     : Yes
RAM Style                          : Auto
ROM Extraction                     : Yes
Shift Register Extraction          : YES
ROM Style                          : Auto
Resource Sharing                   : YES
Asynchronous To Synchronous        : NO
Shift Register Minimum Size        : 2
Use DSP Block                      : Auto
Automatic Register Balancing       : No

---- Target Options
LUT Combining                      : Auto
Reduce Control Sets                : Auto
Add IO Buffers                     : YES
Global Maximum Fanout              : 100000
Add Generic Clock Buffer(BUFG)     : 16
Register Duplication               : YES
Optimize Instantiated Primitives   : NO
Use Clock Enable                   : Auto
Use Synchronous Set                : Auto
Use Synchronous Reset              : Auto
Pack IO Registers into IOBs        : Auto
Equivalent register Removal        : YES

---- General Options
Optimization Goal                  : Speed
Optimization Effort                : 1
Power Reduction                    : NO
Keep Hierarchy                     : No
Netlist Hierarchy                  : As_Optimized
RTL Output                         : Yes
Global Optimization                : AllClockNets
Read Cores                         : YES
Write Timing Constraints           : NO
Cross Clock Analysis               : NO
Hierarchy Separator                : /
Bus Delimiter                      : <>
Case Specifier                     : Maintain
Slice Utilization Ratio            : 100
BRAM Utilization Ratio             : 100
DSP48 Utilization Ratio            : 100
Auto BRAM Packing                  : NO
Slice Utilization Ratio Delta      : 5

=========================================================================


=========================================================================
*                          HDL Parsing                                  *
=========================================================================
Analyzing Verilog file "/home/korn/xilinx/test-vga/verilog.v" into library work
Parsing module <verilog>.
Parsing module <VgaProcessor>.

=========================================================================
*                            HDL Elaboration                            *
=========================================================================

Elaborating module <verilog>.

Elaborating module <VgaProcessor>.
WARNING:HDLCompiler:413 - "/home/korn/xilinx/test-vga/verilog.v" Line 64: Result of 17-bit expression is truncated to fit in 16-bit target.
WARNING:HDLCompiler:413 - "/home/korn/xilinx/test-vga/verilog.v" Line 71: Result of 17-bit expression is truncated to fit in 16-bit target.

=========================================================================
*                           HDL Synthesis                               *
=========================================================================

Synthesizing Unit <verilog>.
    Related source file is "/home/korn/xilinx/test-vga/verilog.v".
    Found 16-bit comparator greater for signal <vga_h_sync> created at line 40
    Found 16-bit comparator greater for signal <vga_v_sync> created at line 41
    Found 16-bit comparator greater for signal <r_HPos[15]_GND_1_o_LessThan_3_o> created at line 43
    Found 16-bit comparator greater for signal <GND_1_o_r_HPos[15]_LessThan_4_o> created at line 43
    Found 16-bit comparator greater for signal <r_VPos[15]_GND_1_o_LessThan_5_o> created at line 43
    Found 16-bit comparator greater for signal <GND_1_o_r_VPos[15]_LessThan_6_o> created at line 43
    Summary:
	inferred   6 Comparator(s).
Unit <verilog> synthesized.

Synthesizing Unit <VgaProcessor>.
    Related source file is "/home/korn/xilinx/test-vga/verilog.v".
    Found 16-bit register for signal <r_VPos_in>.
    Found 16-bit register for signal <r_HPos_in>.
    Found 16-bit adder for signal <r_HPos_in[15]_GND_2_o_add_2_OUT> created at line 64.
    Found 16-bit adder for signal <r_VPos_in[15]_GND_2_o_add_4_OUT> created at line 71.
    Found 16-bit comparator greater for signal <r_HPos_in[15]_GND_2_o_LessThan_2_o> created at line 62
    Found 16-bit comparator lessequal for signal <r_VPos_in[15]_GND_2_o_LessThan_4_o> created at line 69
    Summary:
	inferred   2 Adder/Subtractor(s).
	inferred  32 D-type flip-flop(s).
	inferred   2 Comparator(s).
Unit <VgaProcessor> synthesized.

=========================================================================
HDL Synthesis Report

Macro Statistics
# Adders/Subtractors                                   : 2
 16-bit adder                                          : 2
# Registers                                            : 2
 16-bit register                                       : 2
# Comparators                                          : 8
 16-bit comparator greater                             : 7
 16-bit comparator lessequal                           : 1

=========================================================================

=========================================================================
*                       Advanced HDL Synthesis                          *
=========================================================================


Synthesizing (advanced) Unit <VgaProcessor>.
The following registers are absorbed into counter <r_HPos_in>: 1 register on signal <r_HPos_in>.
The following registers are absorbed into counter <r_VPos_in>: 1 register on signal <r_VPos_in>.
Unit <VgaProcessor> synthesized (advanced).

=========================================================================
Advanced HDL Synthesis Report

Macro Statistics
# Counters                                             : 2
 16-bit up counter                                     : 2
# Comparators                                          : 8
 16-bit comparator greater                             : 7
 16-bit comparator lessequal                           : 1

=========================================================================

=========================================================================
*                         Low Level Synthesis                           *
=========================================================================

Optimizing unit <verilog> ...
WARNING:Xst:1293 - FF/Latch <processor/r_HPos_in_10> has a constant value of 0 in block <verilog>. This FF/Latch will be trimmed during the optimization process.
WARNING:Xst:1896 - Due to other FF/Latch trimming, FF/Latch <processor/r_HPos_in_11> has a constant value of 0 in block <verilog>. This FF/Latch will be trimmed during the optimization process.
WARNING:Xst:1896 - Due to other FF/Latch trimming, FF/Latch <processor/r_HPos_in_12> has a constant value of 0 in block <verilog>. This FF/Latch will be trimmed during the optimization process.
WARNING:Xst:1896 - Due to other FF/Latch trimming, FF/Latch <processor/r_HPos_in_13> has a constant value of 0 in block <verilog>. This FF/Latch will be trimmed during the optimization process.
WARNING:Xst:1896 - Due to other FF/Latch trimming, FF/Latch <processor/r_HPos_in_14> has a constant value of 0 in block <verilog>. This FF/Latch will be trimmed during the optimization process.
WARNING:Xst:1896 - Due to other FF/Latch trimming, FF/Latch <processor/r_HPos_in_15> has a constant value of 0 in block <verilog>. This FF/Latch will be trimmed during the optimization process.
WARNING:Xst:1896 - Due to other FF/Latch trimming, FF/Latch <processor/r_VPos_in_10> has a constant value of 0 in block <verilog>. This FF/Latch will be trimmed during the optimization process.
WARNING:Xst:1896 - Due to other FF/Latch trimming, FF/Latch <processor/r_VPos_in_11> has a constant value of 0 in block <verilog>. This FF/Latch will be trimmed during the optimization process.
WARNING:Xst:1896 - Due to other FF/Latch trimming, FF/Latch <processor/r_VPos_in_12> has a constant value of 0 in block <verilog>. This FF/Latch will be trimmed during the optimization process.
WARNING:Xst:1896 - Due to other FF/Latch trimming, FF/Latch <processor/r_VPos_in_13> has a constant value of 0 in block <verilog>. This FF/Latch will be trimmed during the optimization process.
WARNING:Xst:1896 - Due to other FF/Latch trimming, FF/Latch <processor/r_VPos_in_14> has a constant value of 0 in block <verilog>. This FF/Latch will be trimmed during the optimization process.
WARNING:Xst:1896 - Due to other FF/Latch trimming, FF/Latch <processor/r_VPos_in_15> has a constant value of 0 in block <verilog>. This FF/Latch will be trimmed during the optimization process.

Mapping all equations...
Building and optimizing final netlist ...
Found area constraint ratio of 100 (+ 5) on block verilog, actual ratio is 0.

Final Macro Processing ...

=========================================================================
Final Register Report

Macro Statistics
# Registers                                            : 20
 Flip-Flops                                            : 20

=========================================================================

=========================================================================
*                           Partition Report                            *
=========================================================================

Partition Implementation Status
-------------------------------

  No Partitions were found in this design.

-------------------------------

=========================================================================
*                            Design Summary                             *
=========================================================================

Top Level Output File Name         : verilog.ngc

Primitive and Black Box Usage:
------------------------------
# BELS                             : 98
#      GND                         : 1
#      INV                         : 2
#      LUT1                        : 18
#      LUT2                        : 14
#      LUT3                        : 2
#      LUT4                        : 3
#      LUT5                        : 2
#      LUT6                        : 17
#      MUXCY                       : 18
#      VCC                         : 1
#      XORCY                       : 20
# FlipFlops/Latches                : 20
#      FD                          : 20
# Clock Buffers                    : 1
#      BUFGP                       : 1
# IO Buffers                       : 5
#      OBUF                        : 5

Device utilization summary:
---------------------------

Selected Device : 6slx9tqg144-3 


Slice Logic Utilization: 
 Number of Slice Registers:              20  out of  11440     0%  
 Number of Slice LUTs:                   58  out of   5720     1%  
    Number used as Logic:                58  out of   5720     1%  

Slice Logic Distribution: 
 Number of LUT Flip Flop pairs used:     58
   Number with an unused Flip Flop:      38  out of     58    65%  
   Number with an unused LUT:             0  out of     58     0%  
   Number of fully used LUT-FF pairs:    20  out of     58    34%  
   Number of unique control sets:         1

IO Utilization: 
 Number of IOs:                           6
 Number of bonded IOBs:                   6  out of    102     5%  

Specific Feature Utilization:
 Number of BUFG/BUFGCTRLs:                1  out of     16     6%  

---------------------------
Partition Resource Summary:
---------------------------

  No Partitions were found in this design.

---------------------------


=========================================================================
Timing Report

NOTE: THESE TIMING NUMBERS ARE ONLY A SYNTHESIS ESTIMATE.
      FOR ACCURATE TIMING INFORMATION PLEASE REFER TO THE TRACE REPORT
      GENERATED AFTER PLACE-and-ROUTE.

Clock Information:
------------------
-----------------------------------+------------------------+-------+
Clock Signal                       | Clock buffer(FF name)  | Load  |
-----------------------------------+------------------------+-------+
clk                                | BUFGP                  | 20    |
-----------------------------------+------------------------+-------+

Asynchronous Control Signals Information:
----------------------------------------
No asynchronous control signals found in this design

Timing Summary:
---------------
Speed Grade: -3

   Minimum period: 3.561ns (Maximum Frequency: 280.836MHz)
   Minimum input arrival time before clock: No path found
   Maximum output required time after clock: 6.387ns
   Maximum combinational path delay: No path found

Timing Details:
---------------
All values displayed in nanoseconds (ns)

=========================================================================
Timing constraint: Default period analysis for Clock 'clk'
  Clock period: 3.561ns (frequency: 280.836MHz)
  Total number of paths / destination ports: 377 / 20
-------------------------------------------------------------------------
Delay:               3.561ns (Levels of Logic = 3)
  Source:            processor/r_HPos_in_1 (FF)
  Destination:       processor/r_VPos_in_1 (FF)
  Source Clock:      clk rising
  Destination Clock: clk rising

  Data Path: processor/r_HPos_in_1 to processor/r_VPos_in_1
                                Gate     Net
    Cell:in->out      fanout   Delay   Delay  Logical Name (Net Name)
    ----------------------------------------  ------------
     FD:C->Q               3   0.447   0.898  processor/r_HPos_in_1 (processor/r_HPos_in_1)
     LUT4:I0->O            2   0.203   0.617  processor/r_HPos_in[15]_GND_2_o_LessThan_2_o_inv_SW0 (N01)
     LUT6:I5->O           11   0.205   0.883  processor/r_HPos_in[15]_GND_2_o_LessThan_2_o_inv (processor/r_HPos_in[15]_GND_2_o_LessThan_2_o_inv)
     LUT2:I1->O            1   0.205   0.000  processor/r_HPos_in_0_rstpot (processor/r_HPos_in_0_rstpot)
     FD:D                      0.102          processor/r_HPos_in_0
    ----------------------------------------
    Total                      3.561ns (1.162ns logic, 2.399ns route)
                                       (32.6% logic, 67.4% route)

=========================================================================
Timing constraint: Default OFFSET OUT AFTER for Clock 'clk'
  Total number of paths / destination ports: 44 / 3
-------------------------------------------------------------------------
Offset:              6.387ns (Levels of Logic = 4)
  Source:            processor/r_VPos_in_5 (FF)
  Destination:       vga_R (PAD)
  Source Clock:      clk rising

  Data Path: processor/r_VPos_in_5 to vga_R
                                Gate     Net
    Cell:in->out      fanout   Delay   Delay  Logical Name (Net Name)
    ----------------------------------------  ------------
     FD:C->Q               7   0.447   0.878  processor/r_VPos_in_5 (processor/r_VPos_in_5)
     LUT2:I0->O            1   0.203   0.580  vga_v_sync21_SW0 (N2)
     LUT6:I5->O            2   0.205   0.721  vga_v_sync21 (vga_v_sync21)
     LUT6:I4->O            1   0.203   0.579  vga_R4 (vga_R_OBUF)
     OBUF:I->O                 2.571          vga_R_OBUF (vga_R)
    ----------------------------------------
    Total                      6.387ns (3.629ns logic, 2.758ns route)
                                       (56.8% logic, 43.2% route)

=========================================================================

Cross Clock Domains Report:
--------------------------

Clock to Setup on destination clock clk
---------------+---------+---------+---------+---------+
               | Src:Rise| Src:Fall| Src:Rise| Src:Fall|
Source Clock   |Dest:Rise|Dest:Rise|Dest:Fall|Dest:Fall|
---------------+---------+---------+---------+---------+
clk            |    3.561|         |         |         |
---------------+---------+---------+---------+---------+

=========================================================================


Total REAL time to Xst completion: 4.00 secs
Total CPU time to Xst completion: 3.53 secs
 
--> 


Total memory usage is 372428 kilobytes

Number of errors   :    0 (   0 filtered)
Number of warnings :   14 (   0 filtered)
Number of infos    :    0 (   0 filtered)

