#-----------------------------------------------------------
# PlanAhead v14.7 (64-bit)
# Build 321239 by xbuild on Fri Sep 27 19:24:36 MDT 2013
# Start of session at: Fri Nov 11 01:03:04 2022
# Process ID: 3121
# Log file: /home/korn/xilinx/test-vga/planAhead_run_2/planAhead.log
# Journal file: /home/korn/xilinx/test-vga/planAhead_run_2/planAhead.jou
#-----------------------------------------------------------
start_gui
source /home/korn/xilinx/test-vga/pa.fromNetlist.tcl
startgroup
set_property package_pin P123 [get_ports clk]
endgroup
startgroup
set_property package_pin P9 [get_ports vga_h_sync]
endgroup
startgroup
set_property package_pin P11 [get_ports vga_h_sync]
endgroup
startgroup
set_property package_pin P9 [get_ports vga_v_sync]
endgroup
startgroup
set_property package_pin P1 [get_ports vga_B]
endgroup
set_property package_pin "" [get_ports [list  vga_G]]
startgroup
set_property package_pin P16 [get_ports vga_R]
endgroup
startgroup
set_property package_pin P21 [get_ports vga_G]
endgroup
startgroup
set_property package_pin P23 [get_ports vga_B]
endgroup
save_constraints
